git config --global credential.helper '!aws codecommit credential-helper --profile SHR $@'
git config --global credential.UseHttpPath true

git clone

git branch
git branch chunho
git checkout chunho
git add *
git commit -m "ECR Sample"
git push origin chunho

##########################################################
[Kalender]
git windows 10
############
82375@LCSC02V134 MINGW64 /d/iac
$ git clone https://itro.koreanair.com/git/scm/cnseks/kalendar.git
Cloning into 'kalendar'...

KE용
Username : KALDCO CNS
Email : kaldco.alm@lgcns.com
Password : KedcoBB05!@

컨트롤 + ~ 이거 눌러요


$ git status
On branch master
Your branch is up to date with 'origin/master'.

Changes not staged for commit:
  (use "git add < file>..." to update what will be committed)
  (use "git restore < file>..." to discard changes in working directory)
        modified:   be/stg/values.yaml

no changes added to commit (use "git add" and/or "git commit -a")

###############################################################
82375@LCSC02V134 MINGW64 /d/IaC/kalendar (master)
$ git config --add --local user.name KALDCO

82375@LCSC02V134 MINGW64 /d/IaC/kalendar (master)
$ git config --add --local user.email kaldco.alm@lgcns.com

82375@LCSC02V134 MINGW64 /d/IaC/kalendar (master)
$ git config --list --local
core.repositoryformatversion=0
core.filemode=false
core.repositoryformatversion=0
core.filemode=false
core.bare=false
core.logallrefupdates=true
core.ignorecase=true
remote.origin.url=https://itro.koreanair.com/git/scm/cnseks/kalendar.git
remote.origin.fetch=+refs/heads/*:refs/remotes/origin/*
branch.master.remote=origin
branch.master.merge=refs/heads/master
user.name=KALDCO
user.name=kaldco.alm@lgcns.com

82375@LCSC02V134 MINGW64 /d/IaC/kalendar (master)
$ git commit -am "stg asg test - kch"
On branch master
Your branch is ahead of 'origin/master' by 1 commit.
  (use "git push" to publish your local commits)

nothing to commit, working tree clean

82375@LCSC02V134 MINGW64 /d/IaC/kalendar (master)
$ git status
On branch master
Your branch is ahead of 'origin/master' by 1 commit.
  (use "git push" to publish your local commits)

nothing to commit, working tree clean

82375@LCSC02V134 MINGW64 /d/IaC/kalendar (master)
$ git log --oneline
1e4fb43 (HEAD -> master) stg asg test - kch
1daea1a (origin/master, origin/HEAD) stg asg test - Younggab Kwon
03fed43 stg asg test - Younggab Kwon
54617e7 stg asg test - Younggab Kwon
6b00cfa stg asg test - Younggab Kwon
cd63e93 stg asg test - Younggab Kwon
6107dcf stg asg test - Younggab Kwon
14fec62 stg asg test - Younggab Kwon
f13e782 stg asg test - Younggab Kwon
feb2557 stg asg test - Younggab Kwon
3679518 stg asg test - Younggab Kwon
ca04292 stg autoscaling test - Younggab Kwon
ce80d97 stg autoscaling test - Younggab Kwon
7a3143b be deploy
e104919 8
2455532 7
3409a65 6
03d3fe5 8
a974c66 7
d540ce3 6
eab3cfa add stg
3418fad 5
bc9700d 4

82375@LCSC02V134 MINGW64 /d/IaC/kalendar (master)
$ git push
info: detecting host provider for 'https://itro.koreanair.com/'...
info: detecting host provider for 'https://itro.koreanair.com/'...
Enumerating objects: 9, done.
Counting objects: 100% (9/9), done.
Delta compression using up to 4 threads
Compressing objects: 100% (4/4), done.
Writing objects: 100% (5/5), 469 bytes | 52.00 KiB/s, done.
Total 5 (delta 2), reused 3 (delta 1), pack-reused 0
To https://itro.koreanair.com/git/scm/cnseks/kalendar.git
   1daea1a..1e4fb43  master -> master

82375@LCSC02V134 MINGW64 /d/IaC/kalendar (master)